2026-09-06T13:09:26.939+03:00  INFO 14832 --- [car-service] [main] c.m.car_service.CarServiceApplication    : Starting CarServiceApplication using Java 17.0.12 with PID 14832 (D:\Nothing\car-service\car-service\target\classes started by User in D:\Nothing\car-service)
2026-09-06T13:09:26.942+03:00 DEBUG 14832 --- [car-service] [main] c.m.car_service.CarServiceApplication    : Running with Spring Boot v4.1.0, Spring v7.0.8
2026-09-06T13:09:26.943+03:00  INFO 14832 --- [car-service] [main] c.m.car_service.CarServiceApplication    : The following 1 profile is active: "dev"
2026-09-06T13:09:27.428+03:00  INFO 14832 --- [car-service] [main] .s.d.r.c.RepositoryConfigurationDelegate : Bootstrapping Spring Data JPA repositories in DEFAULT mode.
2026-09-06T13:09:27.467+03:00  INFO 14832 --- [car-service] [main] .s.d.r.c.RepositoryConfigurationDelegate : Finished Spring Data repository scanning in 33 ms. Found 3 JPA repository interfaces.
2026-09-06T13:09:27.775+03:00  INFO 14832 --- [car-service] [main] o.s.boot.tomcat.TomcatWebServer          : Tomcat initialized with port 8080 (http)
2026-09-06T13:09:27.783+03:00  INFO 14832 --- [car-service] [main] o.apache.catalina.core.StandardService   : Starting service [Tomcat]
2026-09-06T13:09:27.784+03:00  INFO 14832 --- [car-service] [main] o.apache.catalina.core.StandardEngine    : Starting Servlet engine: [Apache Tomcat/11.0.22]
2026-09-06T13:09:27.814+03:00  INFO 14832 --- [car-service] [main] b.w.c.s.WebApplicationContextInitializer : Root WebApplicationContext: initialization completed in 845 ms
2026-09-06T13:09:27.922+03:00  INFO 14832 --- [car-service] [main] org.hibernate.orm.jpa                    : HHH008540: Processing PersistenceUnitInfo [name: default]
2026-09-06T13:09:27.973+03:00  INFO 14832 --- [car-service] [main] org.hibernate.orm.core                   : HHH000001: Hibernate ORM core version 7.4.1.Final
2026-09-06T13:09:28.264+03:00  INFO 14832 --- [car-service] [main] o.s.o.j.p.SpringPersistenceUnitInfo      : No LoadTimeWeaver setup: ignoring JPA class transformer
2026-09-06T13:09:28.288+03:00  INFO 14832 --- [car-service] [main] com.zaxxer.hikari.HikariDataSource       : HikariPool-1 - Starting...
2026-09-06T13:09:28.403+03:00  INFO 14832 --- [car-service] [main] com.zaxxer.hikari.pool.HikariPool        : HikariPool-1 - Added connection org.postgresql.jdbc.PgConnection@64688978
2026-09-06T13:09:28.404+03:00  INFO 14832 --- [car-service] [main] com.zaxxer.hikari.HikariDataSource       : HikariPool-1 - Start completed.
2026-09-06T13:09:28.476+03:00  INFO 14832 --- [car-service] [main] org.hibernate.orm.connections.pooling    : HHH10001005: Database info:
	Database JDBC URL [jdbc:postgresql://localhost:5432/car_service_db]
	Database driver: PostgreSQL JDBC Driver
	Database dialect: PostgreSQLDialect
	Database version: 18.6
	Default catalog/schema: car_service_db/public
	Autocommit mode: undefined/unknown
	Isolation level: READ_COMMITTED [default READ_COMMITTED]
	JDBC fetch size: none
	Pool: DataSourceConnectionProvider
	Minimum pool size: undefined/unknown
	Maximum pool size: undefined/unknown
2026-09-06T13:09:29.148+03:00  INFO 14832 --- [car-service] [main] org.hibernate.orm.core                   : HHH000489: No JTA platform available (set 'hibernate.transaction.jta.platform' to enable JTA platform integration)
2026-09-06T13:09:29.217+03:00  INFO 14832 --- [car-service] [main] j.LocalContainerEntityManagerFactoryBean : Initialized JPA EntityManagerFactory for persistence unit 'default'
2026-09-06T13:09:29.227+03:00  INFO 14832 --- [car-service] [main] c.m.c.component.DevDataInitializer       : Запущена среда разработки. Инициализация тестового профиля завершена
2026-09-06T13:09:29.242+03:00  INFO 14832 --- [car-service] [main] c.m.c.component.GarageHealthChecker      : Проверка пройдена, вы находитесь в dev профиле
2026-09-06T13:09:29.281+03:00  INFO 14832 --- [car-service] [main] o.s.d.j.r.query.QueryEnhancerFactories   : Hibernate is in classpath; If applicable, HQL parser will be used.
2026-09-06T13:09:29.757+03:00  INFO 14832 --- [car-service] [main] c.m.c.bpp.CustomGarageBeanPostProcessor  : [BPP - BEFORE] Перехвачен бин 'carService'. Подготовка к вызову @PostConstruct...
2026-09-06T13:09:29.757+03:00  INFO 14832 --- [car-service] [main] c.mycar.car_service.service.CarService   : === [LIFECYCLE] Инициализация сервиса гаража: 'Dark Autumn Garage' ===
2026-09-06T13:09:29.757+03:00  INFO 14832 --- [car-service] [main] c.mycar.car_service.service.CarService   : === [LIFECYCLE] Максимальная вместимость: 20 мест ===
2026-09-06T13:09:29.838+03:00  INFO 14832 --- [car-service] [main] c.m.c.component.CarInspectionTask        : ID задачи = '2cde8893-7615-4964-93ff-184623116420', ID машины = 1
2026-09-06T13:09:29.839+03:00  INFO 14832 --- [car-service] [main] c.m.c.component.CarInspectionTask        : ID задачи = 'e13ecd7b-a177-404b-b94c-4094e2fd5947', ID машины = 2
2026-09-06T13:09:29.839+03:00  INFO 14832 --- [car-service] [main] c.m.c.component.CarInspectionTask        : ID задачи = '2d15f368-faea-4cef-9b97-7427c61c314d', ID машины = 3
2026-09-06T13:09:29.839+03:00  INFO 14832 --- [car-service] [main] c.m.c.component.CarInspectionTask        : ID задачи = 'ee8c9b95-8328-4e23-a6c5-b82fcd4896a5', ID машины = 4
2026-09-06T13:09:29.839+03:00  INFO 14832 --- [car-service] [main] c.m.c.component.CarInspectionTask        : ID задачи = '1d179965-14cc-43a7-a539-589479f45669', ID машины = 5
2026-09-06T13:09:29.839+03:00  INFO 14832 --- [car-service] [main] c.m.c.component.CarInspectionTask        : ID задачи = '660f492b-3fd1-4e73-9f77-cdb8a7cddd6f', ID машины = 6
2026-09-06T13:09:29.839+03:00  INFO 14832 --- [car-service] [main] c.m.c.component.CarInspectionTask        : ID задачи = '8731a1b6-e450-4a4b-b866-db04e7c167d1', ID машины = 7
2026-09-06T13:09:29.839+03:00  INFO 14832 --- [car-service] [main] c.m.c.component.CarInspectionTask        : ID задачи = '957841a9-e380-41ba-85a2-06fd93a9fbe3', ID машины = 8
2026-09-06T13:09:29.839+03:00  INFO 14832 --- [car-service] [main] c.m.c.component.CarInspectionTask        : ID задачи = '6e335825-bb29-4e3f-8fb1-d2700c16bf92', ID машины = 9
2026-09-06T13:09:29.840+03:00  INFO 14832 --- [car-service] [main] c.m.c.component.CarInspectionTask        : ID задачи = 'b359a79f-9128-44af-b5aa-60abd685c41c', ID машины = 10
2026-09-06T13:09:29.840+03:00  INFO 14832 --- [car-service] [main] c.m.c.component.CarInspectionTask        : ID задачи = '505d13e8-b719-4204-9667-ec180dfd2b69', ID машины = 11
2026-09-06T13:09:29.840+03:00  INFO 14832 --- [car-service] [main] c.m.c.component.CarInspectionTask        : ID задачи = '0488fa21-3766-4bed-b4bd-ae9f59d50e03', ID машины = 12
2026-09-06T13:09:29.840+03:00  INFO 14832 --- [car-service] [main] c.mycar.car_service.service.CarService   : === [LIFECYCLE] Автопарк успешно загружен из БД. Всего машин: 12 ===
2026-09-06T13:09:29.840+03:00  INFO 14832 --- [car-service] [main] c.m.c.bpp.CustomGarageBeanPostProcessor  : Инициализация CarService завершина за '83' мс
2026-09-06T13:09:29.840+03:00  INFO 14832 --- [car-service] [main] c.m.c.bpp.CustomGarageBeanPostProcessor  : [BPP - AFTER] Бин 'carService' успешно прошёл @PostConstruct! Здесь Spring мог бы создать Proxy.
2026-09-06T13:09:29.882+03:00  WARN 14832 --- [car-service] [main] JpaBaseConfiguration$JpaWebConfiguration : spring.jpa.open-in-view is enabled by default. Therefore, database queries may be performed during view rendering. Explicitly configure spring.jpa.open-in-view to disable this warning
2026-09-06T13:09:29.930+03:00  INFO 14832 --- [car-service] [main] r$InitializeUserDetailsManagerConfigurer : Global AuthenticationManager configured with UserDetailsService bean with name userService
2026-09-06T13:09:30.235+03:00  INFO 14832 --- [car-service] [main] o.s.boot.tomcat.TomcatWebServer          : Tomcat started on port 8080 (http) with context path '/'
2026-09-06T13:09:30.240+03:00  INFO 14832 --- [car-service] [main] c.m.car_service.CarServiceApplication    : Started CarServiceApplication in 3.617 seconds (process running for 4.671)
2026-09-06T13:09:32.769+03:00  INFO 14832 --- [car-service] [task-1] c.m.c.component.GarageAsyncMethods       : Имитируем бурную деятельность с потоком task-1
2026-09-06T13:09:33.715+03:00  INFO 14832 --- [car-service] [http-nio-8080-exec-1] o.a.c.c.C.[Tomcat].[localhost].[/]       : Initializing Spring DispatcherServlet 'dispatcherServlet'
2026-09-06T13:09:33.715+03:00  INFO 14832 --- [car-service] [http-nio-8080-exec-1] o.s.web.servlet.DispatcherServlet        : Initializing Servlet 'dispatcherServlet'
2026-09-06T13:09:33.716+03:00  INFO 14832 --- [car-service] [http-nio-8080-exec-1] o.s.web.servlet.DispatcherServlet        : Completed initialization in 1 ms
2026-09-06T13:09:33.747+03:00  INFO 14832 --- [car-service] [http-nio-8080-exec-1] c.m.c.controller.CarController           : GET /dark-garage type='cars', brand='null', minYear='null', user='null', service='null'
2026-09-06T13:09:33.748+03:00  INFO 14832 --- [car-service] [http-nio-8080-exec-1] c.mycar.car_service.service.CarService   : Запрос списка уникальных брендов из БД
2026-09-06T13:09:33.758+03:00  INFO 14832 --- [car-service] [http-nio-8080-exec-1] c.mycar.car_service.service.CarService   : Находим год самой новой машины в БД
2026-09-06T13:09:33.780+03:00  INFO 14832 --- [car-service] [http-nio-8080-exec-1] c.mycar.car_service.service.CarService   : Запрашиваем полный список машин из базы данных (всего: 12)
2026-09-06T13:09:34.015+03:00  WARN 14832 --- [car-service] [http-nio-8080-exec-1] c.m.c.i.RequestLoggingInterceptor        : [PERFORMANCE WARNING] Медленный запрос: '/dark-garage' занял '282' мс!
2026-09-06T13:09:34.015+03:00  INFO 14832 --- [car-service] [http-nio-8080-exec-1] c.m.c.i.RequestLoggingInterceptor        : [HTTP INTERCEPTOR] [GET] /dark-garage | Status: 200 | Time: 282 ms | IP: 0:0:0:0:0:0:0:1 | Client: Mozilla/5.0 (Windows NT 10.0; Win64; x64) AppleWebKit/537.36 (KHTML, like Gecko) Chrome/152.0.0.0 Safari/537.36 | LastProxy: null
2026-09-06T13:09:34.091+03:00  INFO 14832 --- [car-service] [http-nio-8080-exec-4] c.m.c.controller.CarController           : GET /login — Переход на страницу входа
2026-09-06T13:09:34.130+03:00  INFO 14832 --- [car-service] [http-nio-8080-exec-4] c.m.c.i.RequestLoggingInterceptor        : [HTTP INTERCEPTOR] [GET] /login | Status: 200 | Time: 39 ms | IP: 0:0:0:0:0:0:0:1 | Client: Mozilla/5.0 (Windows NT 10.0; Win64; x64) AppleWebKit/537.36 (KHTML, like Gecko) Chrome/152.0.0.0 Safari/537.36 | LastProxy: null
2026-09-06T13:09:49.143+03:00  INFO 14832 --- [car-service] [http-nio-8080-exec-6] c.m.c.controller.CarController           : GET /login — Переход на страницу входа
2026-09-06T13:09:49.145+03:00  INFO 14832 --- [car-service] [http-nio-8080-exec-6] c.m.c.i.RequestLoggingInterceptor        : [HTTP INTERCEPTOR] [GET] /login | Status: 200 | Time: 3 ms | IP: 0:0:0:0:0:0:0:1 | Client: Mozilla/5.0 (Windows NT 10.0; Win64; x64) AppleWebKit/537.36 (KHTML, like Gecko) Chrome/152.0.0.0 Safari/537.36 | LastProxy: null
2026-09-06T13:09:49.180+03:00  INFO 14832 --- [car-service] [http-nio-8080-exec-9] c.m.c.controller.CarController           : GET /login — Переход на страницу входа
2026-09-06T13:09:49.181+03:00  INFO 14832 --- [car-service] [http-nio-8080-exec-9] c.m.c.i.RequestLoggingInterceptor        : [HTTP INTERCEPTOR] [GET] /login | Status: 200 | Time: 2 ms | IP: 0:0:0:0:0:0:0:1 | Client: Mozilla/5.0 (Windows NT 10.0; Win64; x64) AppleWebKit/537.36 (KHTML, like Gecko) Chrome/152.0.0.0 Safari/537.36 | LastProxy: null
2026-09-06T13:09:52.052+03:00  INFO 14832 --- [car-service] [http-nio-8080-exec-10] c.m.c.controller.CarController           : GET /dark-garage type='cars', brand='null', minYear='null', user='null', service='null'
2026-09-06T13:09:52.052+03:00  INFO 14832 --- [car-service] [http-nio-8080-exec-10] c.mycar.car_service.service.CarService   : Запрос списка уникальных брендов из БД
2026-09-06T13:09:52.055+03:00  INFO 14832 --- [car-service] [http-nio-8080-exec-10] c.mycar.car_service.service.CarService   : Находим год самой новой машины в БД
2026-09-06T13:09:52.066+03:00  INFO 14832 --- [car-service] [http-nio-8080-exec-10] c.mycar.car_service.service.CarService   : Запрашиваем полный список машин из базы данных (всего: 12)
2026-09-06T13:09:52.082+03:00  INFO 14832 --- [car-service] [http-nio-8080-exec-10] c.m.c.i.RequestLoggingInterceptor        : [HTTP INTERCEPTOR] [GET] /dark-garage | Status: 200 | Time: 31 ms | IP: 0:0:0:0:0:0:0:1 | Client: Mozilla/5.0 (Windows NT 10.0; Win64; x64) AppleWebKit/537.36 (KHTML, like Gecko) Chrome/152.0.0.0 Safari/537.36 | LastProxy: null
2026-09-06T13:09:52.105+03:00  INFO 14832 --- [car-service] [http-nio-8080-exec-3] c.m.c.controller.CarController           : GET /login — Переход на страницу входа
2026-09-06T13:09:52.107+03:00  INFO 14832 --- [car-service] [http-nio-8080-exec-3] c.m.c.i.RequestLoggingInterceptor        : [HTTP INTERCEPTOR] [GET] /login | Status: 200 | Time: 2 ms | IP: 0:0:0:0:0:0:0:1 | Client: Mozilla/5.0 (Windows NT 10.0; Win64; x64) AppleWebKit/537.36 (KHTML, like Gecko) Chrome/152.0.0.0 Safari/537.36 | LastProxy: null
2026-09-06T13:09:53.703+03:00  INFO 14832 --- [car-service] [http-nio-8080-exec-4] c.m.c.controller.CarController           : GET /dark-garage type='cars', brand='', minYear='null', user='', service=''
2026-09-06T13:09:53.703+03:00  INFO 14832 --- [car-service] [http-nio-8080-exec-4] c.mycar.car_service.service.CarService   : Запрос списка уникальных брендов из БД
2026-09-06T13:09:53.706+03:00  INFO 14832 --- [car-service] [http-nio-8080-exec-4] c.mycar.car_service.service.CarService   : Находим год самой новой машины в БД
2026-09-06T13:09:53.716+03:00  INFO 14832 --- [car-service] [http-nio-8080-exec-4] c.mycar.car_service.service.CarService   : Запрашиваем полный список машин из базы данных (всего: 12)
2026-09-06T13:09:53.733+03:00  INFO 14832 --- [car-service] [http-nio-8080-exec-4] c.m.c.i.RequestLoggingInterceptor        : [HTTP INTERCEPTOR] [GET] /dark-garage?searchType=cars&brand=&minYear=&username=&serviceName= | Status: 200 | Time: 31 ms | IP: 0:0:0:0:0:0:0:1 | Client: Mozilla/5.0 (Windows NT 10.0; Win64; x64) AppleWebKit/537.36 (KHTML, like Gecko) Chrome/152.0.0.0 Safari/537.36 | LastProxy: null
2026-09-06T13:09:53.758+03:00  INFO 14832 --- [car-service] [http-nio-8080-exec-7] c.m.c.controller.CarController           : GET /login — Переход на страницу входа
2026-09-06T13:09:53.760+03:00  INFO 14832 --- [car-service] [http-nio-8080-exec-7] c.m.c.i.RequestLoggingInterceptor        : [HTTP INTERCEPTOR] [GET] /login | Status: 200 | Time: 2 ms | IP: 0:0:0:0:0:0:0:1 | Client: Mozilla/5.0 (Windows NT 10.0; Win64; x64) AppleWebKit/537.36 (KHTML, like Gecko) Chrome/152.0.0.0 Safari/537.36 | LastProxy: null
2026-09-06T13:10:10.554+03:00  INFO 14832 --- [car-service] [http-nio-8080-exec-8] c.m.c.controller.CarController           : GET /dark-garage type='users', brand='', minYear='null', user='alex_driver', service=''
2026-09-06T13:10:10.555+03:00  INFO 14832 --- [car-service] [http-nio-8080-exec-8] c.mycar.car_service.service.CarService   : Запрос списка уникальных брендов из БД
2026-09-06T13:10:10.557+03:00  INFO 14832 --- [car-service] [http-nio-8080-exec-8] c.mycar.car_service.service.CarService   : Находим год самой новой машины в БД
2026-09-06T13:10:10.570+03:00  INFO 14832 --- [car-service] [http-nio-8080-exec-8] c.mycar.car_service.service.CarService   : Запрашиваем полный список машин из базы данных (всего: 12)
2026-09-06T13:10:10.585+03:00  INFO 14832 --- [car-service] [http-nio-8080-exec-8] c.m.c.i.RequestLoggingInterceptor        : [HTTP INTERCEPTOR] [GET] /dark-garage?searchType=users&brand=&minYear=&username=alex_driver&serviceName= | Status: 200 | Time: 30 ms | IP: 0:0:0:0:0:0:0:1 | Client: Mozilla/5.0 (Windows NT 10.0; Win64; x64) AppleWebKit/537.36 (KHTML, like Gecko) Chrome/152.0.0.0 Safari/537.36 | LastProxy: null
2026-09-06T13:10:10.609+03:00  INFO 14832 --- [car-service] [http-nio-8080-exec-1] c.m.c.controller.CarController           : GET /login — Переход на страницу входа
2026-09-06T13:10:10.611+03:00  INFO 14832 --- [car-service] [http-nio-8080-exec-1] c.m.c.i.RequestLoggingInterceptor        : [HTTP INTERCEPTOR] [GET] /login | Status: 200 | Time: 2 ms | IP: 0:0:0:0:0:0:0:1 | Client: Mozilla/5.0 (Windows NT 10.0; Win64; x64) AppleWebKit/537.36 (KHTML, like Gecko) Chrome/152.0.0.0 Safari/537.36 | LastProxy: null
2026-09-06T13:10:19.026+03:00  INFO 14832 --- [car-service] [http-nio-8080-exec-3] c.m.c.controller.CarController           : GET /dark-garage type='cars', brand='null', minYear='null', user='null', service='null'
2026-09-06T13:10:19.027+03:00  INFO 14832 --- [car-service] [http-nio-8080-exec-3] c.mycar.car_service.service.CarService   : Запрос списка уникальных брендов из БД
2026-09-06T13:10:19.030+03:00  INFO 14832 --- [car-service] [http-nio-8080-exec-3] c.mycar.car_service.service.CarService   : Находим год самой новой машины в БД
2026-09-06T13:10:19.042+03:00  INFO 14832 --- [car-service] [http-nio-8080-exec-3] c.mycar.car_service.service.CarService   : Запрашиваем полный список машин из базы данных (всего: 12)
2026-09-06T13:10:19.057+03:00  INFO 14832 --- [car-service] [http-nio-8080-exec-3] c.m.c.i.RequestLoggingInterceptor        : [HTTP INTERCEPTOR] [GET] /dark-garage | Status: 200 | Time: 31 ms | IP: 0:0:0:0:0:0:0:1 | Client: Mozilla/5.0 (Windows NT 10.0; Win64; x64) AppleWebKit/537.36 (KHTML, like Gecko) Chrome/152.0.0.0 Safari/537.36 | LastProxy: null
2026-09-06T13:10:19.085+03:00  INFO 14832 --- [car-service] [http-nio-8080-exec-7] c.m.c.controller.CarController           : GET /login — Переход на страницу входа
2026-09-06T13:10:19.086+03:00  INFO 14832 --- [car-service] [http-nio-8080-exec-7] c.m.c.i.RequestLoggingInterceptor        : [HTTP INTERCEPTOR] [GET] /login | Status: 200 | Time: 1 ms | IP: 0:0:0:0:0:0:0:1 | Client: Mozilla/5.0 (Windows NT 10.0; Win64; x64) AppleWebKit/537.36 (KHTML, like Gecko) Chrome/152.0.0.0 Safari/537.36 | LastProxy: null
2026-09-06T13:11:03.247+03:00  INFO 14832 --- [car-service] [http-nio-8080-exec-9] c.m.c.controller.CarController           : GET /login — Переход на страницу входа
2026-09-06T13:11:03.248+03:00  INFO 14832 --- [car-service] [http-nio-8080-exec-9] c.m.c.i.RequestLoggingInterceptor        : [HTTP INTERCEPTOR] [GET] /login | Status: 200 | Time: 1 ms | IP: 0:0:0:0:0:0:0:1 | Client: Mozilla/5.0 (Windows NT 10.0; Win64; x64) AppleWebKit/537.36 (KHTML, like Gecko) Chrome/152.0.0.0 Safari/537.36 | LastProxy: null
2026-09-06T13:11:03.282+03:00  INFO 14832 --- [car-service] [http-nio-8080-exec-2] c.m.c.controller.CarController           : GET /login — Переход на страницу входа
2026-09-06T13:11:03.283+03:00  INFO 14832 --- [car-service] [http-nio-8080-exec-2] c.m.c.i.RequestLoggingInterceptor        : [HTTP INTERCEPTOR] [GET] /login | Status: 200 | Time: 1 ms | IP: 0:0:0:0:0:0:0:1 | Client: Mozilla/5.0 (Windows NT 10.0; Win64; x64) AppleWebKit/537.36 (KHTML, like Gecko) Chrome/152.0.0.0 Safari/537.36 | LastProxy: null
2026-09-06T13:11:17.337+03:00  INFO 14832 --- [car-service] [http-nio-8080-exec-3] c.m.c.controller.CarController           : GET /login — Переход на страницу входа
2026-09-06T13:11:17.339+03:00  INFO 14832 --- [car-service] [http-nio-8080-exec-3] c.m.c.i.RequestLoggingInterceptor        : [HTTP INTERCEPTOR] [GET] /login?error | Status: 200 | Time: 2 ms | IP: 0:0:0:0:0:0:0:1 | Client: Mozilla/5.0 (Windows NT 10.0; Win64; x64) AppleWebKit/537.36 (KHTML, like Gecko) Chrome/152.0.0.0 Safari/537.36 | LastProxy: null
2026-09-06T13:11:17.367+03:00  INFO 14832 --- [car-service] [http-nio-8080-exec-7] c.m.c.controller.CarController           : GET /login — Переход на страницу входа
2026-09-06T13:11:17.368+03:00  INFO 14832 --- [car-service] [http-nio-8080-exec-7] c.m.c.i.RequestLoggingInterceptor        : [HTTP INTERCEPTOR] [GET] /login | Status: 200 | Time: 1 ms | IP: 0:0:0:0:0:0:0:1 | Client: Mozilla/5.0 (Windows NT 10.0; Win64; x64) AppleWebKit/537.36 (KHTML, like Gecko) Chrome/152.0.0.0 Safari/537.36 | LastProxy: null
2026-09-06T13:11:19.891+03:00  INFO 14832 --- [car-service] [http-nio-8080-exec-8] c.m.c.controller.CarController           : GET /login — Переход на страницу входа
2026-09-06T13:11:19.892+03:00  INFO 14832 --- [car-service] [http-nio-8080-exec-8] c.m.c.i.RequestLoggingInterceptor        : [HTTP INTERCEPTOR] [GET] /login | Status: 200 | Time: 2 ms | IP: 0:0:0:0:0:0:0:1 | Client: Mozilla/5.0 (Windows NT 10.0; Win64; x64) AppleWebKit/537.36 (KHTML, like Gecko) Chrome/152.0.0.0 Safari/537.36 | LastProxy: null
2026-09-06T13:11:19.918+03:00  INFO 14832 --- [car-service] [http-nio-8080-exec-1] c.m.c.controller.CarController           : GET /login — Переход на страницу входа
2026-09-06T13:11:19.919+03:00  INFO 14832 --- [car-service] [http-nio-8080-exec-1] c.m.c.i.RequestLoggingInterceptor        : [HTTP INTERCEPTOR] [GET] /login | Status: 200 | Time: 1 ms | IP: 0:0:0:0:0:0:0:1 | Client: Mozilla/5.0 (Windows NT 10.0; Win64; x64) AppleWebKit/537.36 (KHTML, like Gecko) Chrome/152.0.0.0 Safari/537.36 | LastProxy: null
2026-09-06T13:11:21.139+03:00  INFO 14832 --- [car-service] [http-nio-8080-exec-2] c.m.c.controller.CarController           : GET /dark-garage type='cars', brand='null', minYear='null', user='null', service='null'
2026-09-06T13:11:21.139+03:00  INFO 14832 --- [car-service] [http-nio-8080-exec-2] c.mycar.car_service.service.CarService   : Запрос списка уникальных брендов из БД
2026-09-06T13:11:21.141+03:00  INFO 14832 --- [car-service] [http-nio-8080-exec-2] c.mycar.car_service.service.CarService   : Находим год самой новой машины в БД
2026-09-06T13:11:21.150+03:00  INFO 14832 --- [car-service] [http-nio-8080-exec-2] c.mycar.car_service.service.CarService   : Запрашиваем полный список машин из базы данных (всего: 12)
2026-09-06T13:11:21.160+03:00  INFO 14832 --- [car-service] [http-nio-8080-exec-2] c.m.c.i.RequestLoggingInterceptor        : [HTTP INTERCEPTOR] [GET] /dark-garage | Status: 200 | Time: 21 ms | IP: 0:0:0:0:0:0:0:1 | Client: Mozilla/5.0 (Windows NT 10.0; Win64; x64) AppleWebKit/537.36 (KHTML, like Gecko) Chrome/152.0.0.0 Safari/537.36 | LastProxy: null
2026-09-06T13:11:21.192+03:00  INFO 14832 --- [car-service] [http-nio-8080-exec-5] c.m.c.controller.CarController           : GET /login — Переход на страницу входа
2026-09-06T13:11:21.193+03:00  INFO 14832 --- [car-service] [http-nio-8080-exec-5] c.m.c.i.RequestLoggingInterceptor        : [HTTP INTERCEPTOR] [GET] /login | Status: 200 | Time: 1 ms | IP: 0:0:0:0:0:0:0:1 | Client: Mozilla/5.0 (Windows NT 10.0; Win64; x64) AppleWebKit/537.36 (KHTML, like Gecko) Chrome/152.0.0.0 Safari/537.36 | LastProxy: null
2026-09-06T13:11:33.796+03:00  INFO 14832 --- [car-service] [SpringApplicationShutdownHook] o.s.boot.tomcat.GracefulShutdown         : Commencing graceful shutdown. Waiting for active requests to complete
2026-09-06T13:11:33.865+03:00  INFO 14832 --- [car-service] [tomcat-shutdown] o.s.boot.tomcat.GracefulShutdown         : Graceful shutdown complete
2026-09-06T13:11:33.868+03:00  INFO 14832 --- [car-service] [SpringApplicationShutdownHook] c.mycar.car_service.service.CarService   : === [LIFECYCLE] Всего за время работы сервиса было удалено машин: 0 ===
2026-09-06T13:11:33.868+03:00  INFO 14832 --- [car-service] [SpringApplicationShutdownHook] c.mycar.car_service.service.CarService   : === [LIFECYCLE] Остановка CarService. Завершение работы с гаражом 'Dark Autumn Garage' ===
2026-09-06T13:11:33.868+03:00  INFO 14832 --- [car-service] [SpringApplicationShutdownHook] c.m.c.component.GarageHealthChecker      : Пока
2026-09-06T13:11:33.868+03:00  INFO 14832 --- [car-service] [SpringApplicationShutdownHook] j.LocalContainerEntityManagerFactoryBean : Closing JPA EntityManagerFactory for persistence unit 'default'
2026-09-06T13:11:33.870+03:00  INFO 14832 --- [car-service] [SpringApplicationShutdownHook] com.zaxxer.hikari.HikariDataSource       : HikariPool-1 - Shutdown initiated...
2026-09-06T13:11:33.873+03:00  INFO 14832 --- [car-service] [SpringApplicationShutdownHook] com.zaxxer.hikari.HikariDataSource       : HikariPool-1 - Shutdown completed.
2026-09-06T14:27:25.675+03:00  INFO 21032 --- [car-service] [main] c.m.car_service.CarServiceApplication    : Starting CarServiceApplication using Java 17.0.12 with PID 21032 (D:\Nothing\car-service\car-service\target\classes started by User in D:\Nothing\car-service)
2026-09-06T14:27:25.677+03:00 DEBUG 21032 --- [car-service] [main] c.m.car_service.CarServiceApplication    : Running with Spring Boot v4.1.0, Spring v7.0.8
2026-09-06T14:27:25.677+03:00  INFO 21032 --- [car-service] [main] c.m.car_service.CarServiceApplication    : The following 1 profile is active: "dev"
2026-09-06T14:27:26.057+03:00  INFO 21032 --- [car-service] [main] .s.d.r.c.RepositoryConfigurationDelegate : Bootstrapping Spring Data JPA repositories in DEFAULT mode.
2026-09-06T14:27:26.094+03:00  INFO 21032 --- [car-service] [main] .s.d.r.c.RepositoryConfigurationDelegate : Finished Spring Data repository scanning in 31 ms. Found 3 JPA repository interfaces.
2026-09-06T14:27:26.372+03:00  INFO 21032 --- [car-service] [main] o.s.boot.tomcat.TomcatWebServer          : Tomcat initialized with port 8080 (http)
2026-09-06T14:27:26.380+03:00  INFO 21032 --- [car-service] [main] o.apache.catalina.core.StandardService   : Starting service [Tomcat]
2026-09-06T14:27:26.381+03:00  INFO 21032 --- [car-service] [main] o.apache.catalina.core.StandardEngine    : Starting Servlet engine: [Apache Tomcat/11.0.22]
2026-09-06T14:27:26.408+03:00  INFO 21032 --- [car-service] [main] b.w.c.s.WebApplicationContextInitializer : Root WebApplicationContext: initialization completed in 708 ms
2026-09-06T14:27:26.504+03:00  INFO 21032 --- [car-service] [main] org.hibernate.orm.jpa                    : HHH008540: Processing PersistenceUnitInfo [name: default]
2026-09-06T14:27:26.538+03:00  INFO 21032 --- [car-service] [main] org.hibernate.orm.core                   : HHH000001: Hibernate ORM core version 7.4.1.Final
2026-09-06T14:27:26.786+03:00  INFO 21032 --- [car-service] [main] o.s.o.j.p.SpringPersistenceUnitInfo      : No LoadTimeWeaver setup: ignoring JPA class transformer
2026-09-06T14:27:26.805+03:00  INFO 21032 --- [car-service] [main] com.zaxxer.hikari.HikariDataSource       : HikariPool-1 - Starting...
2026-09-06T14:27:26.886+03:00  INFO 21032 --- [car-service] [main] com.zaxxer.hikari.pool.HikariPool        : HikariPool-1 - Added connection org.postgresql.jdbc.PgConnection@633a11eb
2026-09-06T14:27:26.887+03:00  INFO 21032 --- [car-service] [main] com.zaxxer.hikari.HikariDataSource       : HikariPool-1 - Start completed.
2026-09-06T14:27:26.927+03:00  INFO 21032 --- [car-service] [main] org.hibernate.orm.connections.pooling    : HHH10001005: Database info:
	Database JDBC URL [jdbc:postgresql://localhost:5432/car_service_db]
	Database driver: PostgreSQL JDBC Driver
	Database dialect: PostgreSQLDialect
	Database version: 18.6
	Default catalog/schema: car_service_db/public
	Autocommit mode: undefined/unknown
	Isolation level: READ_COMMITTED [default READ_COMMITTED]
	JDBC fetch size: none
	Pool: DataSourceConnectionProvider
	Minimum pool size: undefined/unknown
	Maximum pool size: undefined/unknown
2026-09-06T14:27:27.526+03:00  INFO 21032 --- [car-service] [main] org.hibernate.orm.core                   : HHH000489: No JTA platform available (set 'hibernate.transaction.jta.platform' to enable JTA platform integration)
2026-09-06T14:27:27.571+03:00  INFO 21032 --- [car-service] [main] j.LocalContainerEntityManagerFactoryBean : Initialized JPA EntityManagerFactory for persistence unit 'default'
2026-09-06T14:27:27.595+03:00  INFO 21032 --- [car-service] [main] c.m.c.component.GarageHealthChecker      : Проверка пройдена: активный профиль [dev], лимит мест: 20
2026-09-06T14:27:27.629+03:00  INFO 21032 --- [car-service] [main] o.s.d.j.r.query.QueryEnhancerFactories   : Hibernate is in classpath; If applicable, HQL parser will be used.
2026-09-06T14:27:28.052+03:00  INFO 21032 --- [car-service] [main] c.m.c.bpp.CustomGarageBeanPostProcessor  : [BPP - BEFORE] Перехвачен бин 'carService'. Подготовка к вызову @PostConstruct...
2026-09-06T14:27:28.057+03:00  INFO 21032 --- [car-service] [main] c.m.c.bpp.CustomGarageBeanPostProcessor  : Инициализация 'carService' завершена за '5' мс
2026-09-06T14:27:28.057+03:00  INFO 21032 --- [car-service] [main] c.m.c.bpp.CustomGarageBeanPostProcessor  : [BPP - AFTER] Бин 'carService' успешно прошёл @PostConstruct!
2026-09-06T14:27:28.078+03:00  INFO 21032 --- [car-service] [main] c.m.c.bpp.CustomGarageBeanPostProcessor  : [BPP - BEFORE] Перехвачен бин 'garageManagementService'. Подготовка к вызову @PostConstruct...
2026-09-06T14:27:28.078+03:00  INFO 21032 --- [car-service] [main] c.m.c.service.GarageManagementService    : === [LIFECYCLE] Инициализация гаража: 'Dark Autumn Garage' ===
2026-09-06T14:27:28.078+03:00  INFO 21032 --- [car-service] [main] c.m.c.service.GarageManagementService    : === [LIFECYCLE] Максимальная вместимость: 20 мест ===
2026-09-06T14:27:28.151+03:00  INFO 21032 --- [car-service] [main] c.m.c.component.CarInspectionTask        : ID задачи = '6f28559a-7504-4e10-aa7b-0c9b5044c4a6', ID машины = 1
2026-09-06T14:27:28.152+03:00  INFO 21032 --- [car-service] [main] c.m.c.component.CarInspectionTask        : ID задачи = '43142057-bad6-4642-929d-6e7aed74b3a2', ID машины = 2
2026-09-06T14:27:28.152+03:00  INFO 21032 --- [car-service] [main] c.m.c.component.CarInspectionTask        : ID задачи = '9f22fb21-5eba-47b3-9a9d-e92f952af7e0', ID машины = 3
2026-09-06T14:27:28.152+03:00  INFO 21032 --- [car-service] [main] c.m.c.component.CarInspectionTask        : ID задачи = 'a11b5f13-751a-4800-8db0-b5db5cb672f8', ID машины = 4
2026-09-06T14:27:28.152+03:00  INFO 21032 --- [car-service] [main] c.m.c.component.CarInspectionTask        : ID задачи = '39d27be2-6877-4117-a196-29260122bc6a', ID машины = 5
2026-09-06T14:27:28.152+03:00  INFO 21032 --- [car-service] [main] c.m.c.component.CarInspectionTask        : ID задачи = '75086eb8-0228-466f-966b-a740ad6a290d', ID машины = 6
2026-09-06T14:27:28.152+03:00  INFO 21032 --- [car-service] [main] c.m.c.component.CarInspectionTask        : ID задачи = 'c6861ffe-7aa3-43fe-9f24-0e5f4b4b7b3b', ID машины = 7
2026-09-06T14:27:28.152+03:00  INFO 21032 --- [car-service] [main] c.m.c.component.CarInspectionTask        : ID задачи = '92bbf00d-b12f-43f7-abb2-27287de858fb', ID машины = 8
2026-09-06T14:27:28.152+03:00  INFO 21032 --- [car-service] [main] c.m.c.component.CarInspectionTask        : ID задачи = '98dea296-46dc-40a2-aa8c-f62d588cc4f3', ID машины = 9
2026-09-06T14:27:28.152+03:00  INFO 21032 --- [car-service] [main] c.m.c.component.CarInspectionTask        : ID задачи = '9ea26e10-5d0b-4870-9dad-a8222697d9b2', ID машины = 10
2026-09-06T14:27:28.152+03:00  INFO 21032 --- [car-service] [main] c.m.c.component.CarInspectionTask        : ID задачи = '6cdc5436-7240-4cc2-a835-0b30e301f0c7', ID машины = 11
2026-09-06T14:27:28.153+03:00  INFO 21032 --- [car-service] [main] c.m.c.component.CarInspectionTask        : ID задачи = 'fc9525e2-118b-44af-ac7a-999280268fa7', ID машины = 12
2026-09-06T14:27:28.153+03:00  INFO 21032 --- [car-service] [main] c.m.c.service.GarageManagementService    : === [LIFECYCLE] Автопарк успешно загружен из БД. Всего машин: 12 ===
2026-09-06T14:27:28.153+03:00  INFO 21032 --- [car-service] [main] c.m.c.bpp.CustomGarageBeanPostProcessor  : Инициализация 'garageManagementService' завершена за '75' мс
2026-09-06T14:27:28.154+03:00  INFO 21032 --- [car-service] [main] c.m.c.bpp.CustomGarageBeanPostProcessor  : [BPP - AFTER] Бин 'garageManagementService' успешно прошёл @PostConstruct!
2026-09-06T14:27:28.187+03:00  WARN 21032 --- [car-service] [main] JpaBaseConfiguration$JpaWebConfiguration : spring.jpa.open-in-view is enabled by default. Therefore, database queries may be performed during view rendering. Explicitly configure spring.jpa.open-in-view to disable this warning
2026-09-06T14:27:28.232+03:00  WARN 21032 --- [car-service] [main] .s.a.UserDetailsServiceAutoConfiguration : 

Using generated security password: 3d7d5df7-b262-433a-8752-f93efa82dbed

This generated password is for development use only. Your security configuration must be updated before running your application in production.

2026-09-06T14:27:28.238+03:00  INFO 21032 --- [car-service] [main] r$InitializeUserDetailsManagerConfigurer : Global AuthenticationManager configured with UserDetailsService bean with name inMemoryUserDetailsManager
2026-09-06T14:27:28.521+03:00  INFO 21032 --- [car-service] [main] o.s.boot.tomcat.TomcatWebServer          : Tomcat started on port 8080 (http) with context path '/'
2026-09-06T14:27:28.525+03:00  INFO 21032 --- [car-service] [main] c.m.car_service.CarServiceApplication    : Started CarServiceApplication in 3.132 seconds (process running for 3.479)
2026-09-06T14:27:28.527+03:00  INFO 21032 --- [car-service] [main] c.m.c.component.DevDataInitializer       : Среда разработки готова. Инициализация тестового профиля...
2026-09-06T14:27:31.089+03:00  INFO 21032 --- [car-service] [task-1] c.m.c.component.GarageAsyncMethods       : Имитируем бурную деятельность с потоком task-1
2026-09-06T14:27:37.021+03:00  INFO 21032 --- [car-service] [http-nio-8080-exec-1] o.a.c.c.C.[Tomcat].[localhost].[/]       : Initializing Spring DispatcherServlet 'dispatcherServlet'
2026-09-06T14:27:37.021+03:00  INFO 21032 --- [car-service] [http-nio-8080-exec-1] o.s.web.servlet.DispatcherServlet        : Initializing Servlet 'dispatcherServlet'
2026-09-06T14:27:37.022+03:00  INFO 21032 --- [car-service] [http-nio-8080-exec-1] o.s.web.servlet.DispatcherServlet        : Completed initialization in 1 ms
2026-09-06T14:27:37.052+03:00  INFO 21032 --- [car-service] [http-nio-8080-exec-1] c.m.c.controller.GarageViewController    : GET /dark-garage type='cars', brand='null', minYear='null'
2026-09-06T14:27:37.286+03:00  WARN 21032 --- [car-service] [http-nio-8080-exec-1] c.m.c.i.RequestLoggingInterceptor        : [PERFORMANCE WARNING] Медленный запрос: '/dark-garage' занял '248' мс!
2026-09-06T14:27:37.287+03:00  INFO 21032 --- [car-service] [http-nio-8080-exec-1] c.m.c.i.RequestLoggingInterceptor        : [HTTP INTERCEPTOR] [GET] /dark-garage | Status: 200 | Time: 248 ms | IP: 0:0:0:0:0:0:0:1 | Client: Mozilla/5.0 (Windows NT 10.0; Win64; x64) AppleWebKit/537.36 (KHTML, like Gecko) Chrome/152.0.0.0 Safari/537.36 | LastProxy: null
2026-09-06T14:27:37.362+03:00  INFO 21032 --- [car-service] [http-nio-8080-exec-4] c.m.c.controller.AuthController          : GET /login — Переход на страницу входа
2026-09-06T14:27:37.398+03:00  INFO 21032 --- [car-service] [http-nio-8080-exec-4] c.m.c.i.RequestLoggingInterceptor        : [HTTP INTERCEPTOR] [GET] /login | Status: 200 | Time: 36 ms | IP: 0:0:0:0:0:0:0:1 | Client: Mozilla/5.0 (Windows NT 10.0; Win64; x64) AppleWebKit/537.36 (KHTML, like Gecko) Chrome/152.0.0.0 Safari/537.36 | LastProxy: null
2026-09-06T14:27:44.019+03:00  INFO 21032 --- [car-service] [http-nio-8080-exec-6] c.m.c.controller.AuthController          : GET /login — Переход на страницу входа
2026-09-06T14:27:44.022+03:00  INFO 21032 --- [car-service] [http-nio-8080-exec-6] c.m.c.i.RequestLoggingInterceptor        : [HTTP INTERCEPTOR] [GET] /login | Status: 200 | Time: 3 ms | IP: 0:0:0:0:0:0:0:1 | Client: Mozilla/5.0 (Windows NT 10.0; Win64; x64) AppleWebKit/537.36 (KHTML, like Gecko) Chrome/152.0.0.0 Safari/537.36 | LastProxy: null
2026-09-06T14:27:44.052+03:00  INFO 21032 --- [car-service] [http-nio-8080-exec-9] c.m.c.controller.AuthController          : GET /login — Переход на страницу входа
2026-09-06T14:27:44.054+03:00  INFO 21032 --- [car-service] [http-nio-8080-exec-9] c.m.c.i.RequestLoggingInterceptor        : [HTTP INTERCEPTOR] [GET] /login | Status: 200 | Time: 2 ms | IP: 0:0:0:0:0:0:0:1 | Client: Mozilla/5.0 (Windows NT 10.0; Win64; x64) AppleWebKit/537.36 (KHTML, like Gecko) Chrome/152.0.0.0 Safari/537.36 | LastProxy: null
2026-09-06T14:27:46.108+03:00  INFO 21032 --- [car-service] [http-nio-8080-exec-10] c.m.c.controller.GarageViewController    : GET /dark-garage type='cars', brand='null', minYear='null'
2026-09-06T14:27:46.139+03:00  INFO 21032 --- [car-service] [http-nio-8080-exec-10] c.m.c.i.RequestLoggingInterceptor        : [HTTP INTERCEPTOR] [GET] /dark-garage | Status: 200 | Time: 32 ms | IP: 0:0:0:0:0:0:0:1 | Client: Mozilla/5.0 (Windows NT 10.0; Win64; x64) AppleWebKit/537.36 (KHTML, like Gecko) Chrome/152.0.0.0 Safari/537.36 | LastProxy: null
2026-09-06T14:27:46.162+03:00  INFO 21032 --- [car-service] [http-nio-8080-exec-3] c.m.c.controller.AuthController          : GET /login — Переход на страницу входа
2026-09-06T14:27:46.164+03:00  INFO 21032 --- [car-service] [http-nio-8080-exec-3] c.m.c.i.RequestLoggingInterceptor        : [HTTP INTERCEPTOR] [GET] /login | Status: 200 | Time: 2 ms | IP: 0:0:0:0:0:0:0:1 | Client: Mozilla/5.0 (Windows NT 10.0; Win64; x64) AppleWebKit/537.36 (KHTML, like Gecko) Chrome/152.0.0.0 Safari/537.36 | LastProxy: null
2026-09-06T14:27:47.015+03:00  INFO 21032 --- [car-service] [http-nio-8080-exec-4] c.m.c.controller.AuthController          : GET /login — Переход на страницу входа
2026-09-06T14:27:47.017+03:00  INFO 21032 --- [car-service] [http-nio-8080-exec-4] c.m.c.i.RequestLoggingInterceptor        : [HTTP INTERCEPTOR] [GET] /login | Status: 200 | Time: 2 ms | IP: 0:0:0:0:0:0:0:1 | Client: Mozilla/5.0 (Windows NT 10.0; Win64; x64) AppleWebKit/537.36 (KHTML, like Gecko) Chrome/152.0.0.0 Safari/537.36 | LastProxy: null
2026-09-06T14:27:47.046+03:00  INFO 21032 --- [car-service] [http-nio-8080-exec-7] c.m.c.controller.AuthController          : GET /login — Переход на страницу входа
2026-09-06T14:27:47.048+03:00  INFO 21032 --- [car-service] [http-nio-8080-exec-7] c.m.c.i.RequestLoggingInterceptor        : [HTTP INTERCEPTOR] [GET] /login | Status: 200 | Time: 2 ms | IP: 0:0:0:0:0:0:0:1 | Client: Mozilla/5.0 (Windows NT 10.0; Win64; x64) AppleWebKit/537.36 (KHTML, like Gecko) Chrome/152.0.0.0 Safari/537.36 | LastProxy: null
2026-09-06T14:27:59.238+03:00  INFO 21032 --- [car-service] [SpringApplicationShutdownHook] o.s.boot.tomcat.GracefulShutdown         : Commencing graceful shutdown. Waiting for active requests to complete
2026-09-06T14:27:59.305+03:00  INFO 21032 --- [car-service] [tomcat-shutdown] o.s.boot.tomcat.GracefulShutdown         : Graceful shutdown complete
2026-09-06T14:27:59.308+03:00  INFO 21032 --- [car-service] [SpringApplicationShutdownHook] c.m.c.component.GarageHealthChecker      : Остановка компонентов проверки гаража
2026-09-06T14:27:59.308+03:00  INFO 21032 --- [car-service] [SpringApplicationShutdownHook] j.LocalContainerEntityManagerFactoryBean : Closing JPA EntityManagerFactory for persistence unit 'default'
2026-09-06T14:27:59.310+03:00  INFO 21032 --- [car-service] [SpringApplicationShutdownHook] com.zaxxer.hikari.HikariDataSource       : HikariPool-1 - Shutdown initiated...
2026-09-06T14:27:59.311+03:00  INFO 21032 --- [car-service] [SpringApplicationShutdownHook] com.zaxxer.hikari.HikariDataSource       : HikariPool-1 - Shutdown completed.
